t=2025-09-25T16:49:58+0300 lvl=info msg="no configuration paths supplied"
t=2025-09-25T16:49:58+0300 lvl=dbug msg="ngrok config file at legacy location does not exist" legacy_path="/Users/sergej/Library/Application Support/ngrok/ngrok.yml"
t=2025-09-25T16:49:58+0300 lvl=info msg="using configuration at default config path" path="/Users/sergej/Library/Application Support/ngrok/ngrok.yml"
t=2025-09-25T16:49:58+0300 lvl=info msg="open config file" path="/Users/sergej/Library/Application Support/ngrok/ngrok.yml" err=nil
t=2025-09-25T16:49:58+0300 lvl=warn msg="can't bind default web address, trying alternatives" obj=web addr=127.0.0.1:4040
t=2025-09-25T16:49:58+0300 lvl=dbug msg="starting component" obj=app name="signal handler"
t=2025-09-25T16:49:58+0300 lvl=dbug msg="starting component" obj=app name=web
t=2025-09-25T16:49:58+0300 lvl=info msg="starting web service" obj=web addr=127.0.0.1:4041 allow_hosts=[]
t=2025-09-25T16:49:58+0300 lvl=dbug msg="starting component" obj=app name="Tunnel session"
t=2025-09-25T16:49:58+0300 lvl=dbug msg="starting component" obj=app name=updater
t=2025-09-25T16:49:58+0300 lvl=dbug msg="checking for updates periodically" obj=updater interval=6h0m0s
t=2025-09-25T16:49:58+0300 lvl=dbug msg="check for update" obj=updater
t=2025-09-25T16:49:58+0300 lvl=dbug msg="connecting to" obj=tunnels.session addr=connect.ngrok-agent.com:443
t=2025-09-25T16:49:58+0300 lvl=dbug msg=dial obj=tunnels.session network=tcp address=connect.ngrok-agent.com:443 timeout=10s
t=2025-09-25T16:49:59+0300 lvl=dbug msg="no crl found" issuer_subject="CN=connect.ngrok-agent.com,O=ngrok Inc.,L=San Francisco,ST=California,C=US"
t=2025-09-25T16:49:59+0300 lvl=dbug msg="no crl found" issuer_subject="CN=Intermediate CA,OU=prod,O=ngrok Inc,ST=California,C=US"
t=2025-09-25T16:49:59+0300 lvl=dbug msg="overriding CRL distribution point" issuer_subject="CN=Root CA,OU=prod,O=ngrok Inc,L=San Francisco,ST=California,C=US" previous=http://crl.ngrok.com/ngrok.crl new=http://crl.ngrok-agent.com/ngrok.crl
t=2025-09-25T16:49:59+0300 lvl=dbug msg="checking crl" issuer_subject="CN=Root CA,OU=prod,O=ngrok Inc,L=San Francisco,ST=California,C=US" url=http://crl.ngrok-agent.com/ngrok.crl
t=2025-09-25T16:49:59+0300 lvl=dbug msg="successful verify of CRL" issuer_subject="CN=Root CA,OU=prod,O=ngrok Inc,L=San Francisco,ST=California,C=US" url=http://crl.ngrok-agent.com/ngrok.crl check_cert="CN=Root CA,OU=prod,O=ngrok Inc,L=San Francisco,ST=California,C=US"
t=2025-09-25T16:49:59+0300 lvl=dbug msg="found valid crl" issuer_subject="CN=Root CA,OU=prod,O=ngrok Inc,L=San Francisco,ST=California,C=US" url=http://crl.ngrok-agent.com/ngrok.crl
t=2025-09-25T16:49:59+0300 lvl=dbug msg="open stream" obj=tunnels.session obj=csess id=7002234f9103 reqtype=0 err=nil
t=2025-09-25T16:49:59+0300 lvl=dbug msg="encode request" obj=tunnels.session obj=csess id=7002234f9103 sid=3 req="&{Version:[3 2] ClientID: Extra:{OS:darwin Arch:arm64 Authtoken:HIDDEN Version:3.26.0 Hostname: UserAgent:ngrok-agent-go/3.26.0 ({\"proxy_type\":\"none\",\"config_version\":\"3\",\"agent_binary_path\":\"/opt/homebrew/Caskroom/ngrok/3.26.0,dhQmUiJ99gS,a/ngrok\",\"host_uptime_seconds\":631877,\"machine_hostname\":\"MacBookAir.Dlink\",\"machine_name\":\"MacBook Air — Сергей\",\"os_distro\":\"darwin\",\"os_version\":\"15.0\",\"agent_pid\":4138,\"hashed_hardware_address\":\"0cbeb1e8040fd24c3580e9a4c065827542b5b312b6f1d3e545bef7d8be240020\"}) ngrok-go/1.12.1 Metadata: Cookie: HeartbeatInterval:10000000000 HeartbeatTolerance:15000000000 Fingerprint:<nil> UpdateUnsupportedError:0x14000050700 StopUnsupportedError:0x14000050700 RestartUnsupportedError:0x14000050700 ProxyType: MutualTLS:false ServiceRun:false ConfigVersion: CustomInterface:false CustomCAs:false ClientType:ngrok-agent-go LegNumber:0}}" err=nil
t=2025-09-25T16:49:59+0300 lvl=dbug msg="decoded response" obj=tunnels.session obj=csess id=7002234f9103 sid=3 resp="&{Version: ClientID: Error:Your account is limited to 1 simultaneous ngrok agent sessions.\nRun multiple endpoints at the same time from a single agent by defining them in your agent configuration file and running `ngrok start --all`.\nRead more about the agent configuration file: https://ngrok.com/docs/agent/config/ \nYou can view your current agent sessions in the dashboard: https://dashboard.ngrok.com/agents. Upgrade to a paid plan to remove this limit:\nhttps://dashboard.ngrok.com/billing/choose-a-plan\r\n\r\nERR_NGROK_108\r\n Extra:{Version: Region: Cookie: AccountName: SessionDuration:0 PlanName: Banner: DeprecationWarning:<nil> ConnectAddresses:[]}}" err=nil
t=2025-09-25T16:49:59+0300 lvl=eror msg="failed to reconnect session" obj=tunnels.session err="authentication failed: Your account is limited to 1 simultaneous ngrok agent sessions.\nRun multiple endpoints at the same time from a single agent by defining them in your agent configuration file and running `ngrok start --all`.\nRead more about the agent configuration file: https://ngrok.com/docs/agent/config/ \nYou can view your current agent sessions in the dashboard: https://dashboard.ngrok.com/agents. Upgrade to a paid plan to remove this limit:\nhttps://dashboard.ngrok.com/billing/choose-a-plan\r\n\r\nERR_NGROK_108\r\n"
t=2025-09-25T16:49:59+0300 lvl=dbug msg="sleep before reconnect" obj=tunnels.session secs=0
t=2025-09-25T16:49:59+0300 lvl=dbug msg=disconnect obj=tunnels.session sess="&{raw:{_:[] _:{} v:0x140006143c0}}" err="authentication failed: Your account is limited to 1 simultaneous ngrok agent sessions.\nRun multiple endpoints at the same time from a single agent by defining them in your agent configuration file and running `ngrok start --all`.\nRead more about the agent configuration file: https://ngrok.com/docs/agent/config/ \nYou can view your current agent sessions in the dashboard: https://dashboard.ngrok.com/agents. Upgrade to a paid plan to remove this limit:\nhttps://dashboard.ngrok.com/billing/choose-a-plan\r\n\r\nERR_NGROK_108\r\n"
t=2025-09-25T16:49:59+0300 lvl=eror msg="session closing" obj=tunnels.session err="authentication failed: Your account is limited to 1 simultaneous ngrok agent sessions.\nRun multiple endpoints at the same time from a single agent by defining them in your agent configuration file and running `ngrok start --all`.\nRead more about the agent configuration file: https://ngrok.com/docs/agent/config/ \nYou can view your current agent sessions in the dashboard: https://dashboard.ngrok.com/agents. Upgrade to a paid plan to remove this limit:\nhttps://dashboard.ngrok.com/billing/choose-a-plan\r\n\r\nERR_NGROK_108\r\n"
t=2025-09-25T16:49:59+0300 lvl=dbug msg="component stopped" obj=app name="Tunnel session" err="authentication failed: Your account is limited to 1 simultaneous ngrok agent sessions.\nRun multiple endpoints at the same time from a single agent by defining them in your agent configuration file and running `ngrok start --all`.\nRead more about the agent configuration file: https://ngrok.com/docs/agent/config/ \nYou can view your current agent sessions in the dashboard: https://dashboard.ngrok.com/agents. Upgrade to a paid plan to remove this limit:\nhttps://dashboard.ngrok.com/billing/choose-a-plan\r\n\r\nERR_NGROK_108\r\n"
t=2025-09-25T16:49:59+0300 lvl=info msg="received stop request" obj=app stopReq="{err:{Remote:true Inner:{Inner:0x14000116960}} restart:false}"
t=2025-09-25T16:49:59+0300 lvl=eror msg="terminating with error" obj=app err="authentication failed: Your account is limited to 1 simultaneous ngrok agent sessions.\nRun multiple endpoints at the same time from a single agent by defining them in your agent configuration file and running `ngrok start --all`.\nRead more about the agent configuration file: https://ngrok.com/docs/agent/config/ \nYou can view your current agent sessions in the dashboard: https://dashboard.ngrok.com/agents. Upgrade to a paid plan to remove this limit:\nhttps://dashboard.ngrok.com/billing/choose-a-plan\r\n\r\nERR_NGROK_108\r\n"
t=2025-09-25T16:49:59+0300 lvl=dbug msg="waiting for all components to stop" obj=app
t=2025-09-25T16:49:59+0300 lvl=dbug msg="waiting for components to stop" obj=app remaining=3
t=2025-09-25T16:49:59+0300 lvl=dbug msg="waiting for components to stop" obj=app remaining=2
t=2025-09-25T16:49:59+0300 lvl=dbug msg="waiting for components to stop" obj=app remaining=1
t=2025-09-25T16:49:59+0300 lvl=dbug msg="all components stopped" obj=app
t=2025-09-25T16:49:59+0300 lvl=dbug msg="component stopped" obj=app name=web err=nil
t=2025-09-25T16:49:59+0300 lvl=warn msg="failed to check for update" obj=updater err="Post \"https://update.equinox.io/check\": context canceled"
t=2025-09-25T16:49:59+0300 lvl=dbug msg="component stopped" obj=app name="signal handler" err=nil
t=2025-09-25T16:49:59+0300 lvl=dbug msg="component stopped" obj=app name=updater err=nil
t=2025-09-25T16:49:59+0300 lvl=crit msg="command failed" err="authentication failed: Your account is limited to 1 simultaneous ngrok agent sessions.\nRun multiple endpoints at the same time from a single agent by defining them in your agent configuration file and running `ngrok start --all`.\nRead more about the agent configuration file: https://ngrok.com/docs/agent/config/ \nYou can view your current agent sessions in the dashboard: https://dashboard.ngrok.com/agents. Upgrade to a paid plan to remove this limit:\nhttps://dashboard.ngrok.com/billing/choose-a-plan\r\n\r\nERR_NGROK_108\r\n"
ERROR:  authentication failed: Your account is limited to 1 simultaneous ngrok agent sessions.
ERROR:  Run multiple endpoints at the same time from a single agent by defining them in your agent configuration file and running `ngrok start --all`.
ERROR:  Read more about the agent configuration file: https://ngrok.com/docs/agent/config/ 
ERROR:  You can view your current agent sessions in the dashboard: https://dashboard.ngrok.com/agents. Upgrade to a paid plan to remove this limit:
ERROR:  https://dashboard.ngrok.com/billing/choose-a-plan
ERROR:  
ERROR:  ERR_NGROK_108
ERROR:  https://ngrok.com/docs/errors/err_ngrok_108
ERROR:  
t=2025-09-25T16:49:59+0300 lvl=dbug msg=disconnect obj=tunnels.session sess="&{raw:{_:[] _:{} v:0x140006143c0}}" err="context canceled"
t=2025-09-25T21:12:51+0300 lvl=info msg="no configuration paths supplied"
t=2025-09-25T21:12:51+0300 lvl=info msg="using configuration at default config path" path="/Users/sergej/Library/Application Support/ngrok/ngrok.yml"
t=2025-09-25T21:12:51+0300 lvl=info msg="open config file" path="/Users/sergej/Library/Application Support/ngrok/ngrok.yml" err=nil
t=2025-09-25T21:12:52+0300 lvl=info msg="starting web service" obj=web addr=127.0.0.1:4040 allow_hosts=[]
t=2025-09-25T21:12:52+0300 lvl=info msg="update available" obj=updater
t=2025-09-25T21:12:52+0300 lvl=eror msg="failed to reconnect session" obj=tunnels.session err="authentication failed: The authtoken you specified does not look like a proper ngrok authtoken.\nYour authtoken: YOUR_NGROK_TOKEN_HERE\nInstructions to install your authtoken are on your ngrok dashboard:\nhttps://dashboard.ngrok.com/get-started/your-authtoken\r\n\r\nERR_NGROK_105\r\n"
t=2025-09-25T21:12:52+0300 lvl=eror msg="session closing" obj=tunnels.session err="authentication failed: The authtoken you specified does not look like a proper ngrok authtoken.\nYour authtoken: YOUR_NGROK_TOKEN_HERE\nInstructions to install your authtoken are on your ngrok dashboard:\nhttps://dashboard.ngrok.com/get-started/your-authtoken\r\n\r\nERR_NGROK_105\r\n"
t=2025-09-25T21:12:52+0300 lvl=info msg="received stop request" obj=app stopReq="{err:{Remote:true Inner:{Inner:0x1400048c6c0}} restart:false}"
t=2025-09-25T21:12:52+0300 lvl=eror msg="terminating with error" obj=app err="authentication failed: The authtoken you specified does not look like a proper ngrok authtoken.\nYour authtoken: YOUR_NGROK_TOKEN_HERE\nInstructions to install your authtoken are on your ngrok dashboard:\nhttps://dashboard.ngrok.com/get-started/your-authtoken\r\n\r\nERR_NGROK_105\r\n"
t=2025-09-25T21:12:52+0300 lvl=crit msg="command failed" err="authentication failed: The authtoken you specified does not look like a proper ngrok authtoken.\nYour authtoken: YOUR_NGROK_TOKEN_HERE\nInstructions to install your authtoken are on your ngrok dashboard:\nhttps://dashboard.ngrok.com/get-started/your-authtoken\r\n\r\nERR_NGROK_105\r\n"
t=2025-09-25T21:14:16+0300 lvl=info msg="no configuration paths supplied"
t=2025-09-25T21:14:16+0300 lvl=info msg="using configuration at default config path" path="/Users/sergej/Library/Application Support/ngrok/ngrok.yml"
t=2025-09-25T21:14:16+0300 lvl=info msg="open config file" path="/Users/sergej/Library/Application Support/ngrok/ngrok.yml" err=nil
t=2025-09-25T21:14:16+0300 lvl=info msg="starting web service" obj=web addr=127.0.0.1:4040 allow_hosts=[]
t=2025-09-25T21:14:17+0300 lvl=eror msg="failed to reconnect session" obj=tunnels.session err="authentication failed: The authtoken you specified does not look like a proper ngrok authtoken.\nYour authtoken: YOUR_NGROK_TOKEN_HERE\nInstructions to install your authtoken are on your ngrok dashboard:\nhttps://dashboard.ngrok.com/get-started/your-authtoken\r\n\r\nERR_NGROK_105\r\n"
t=2025-09-25T21:14:17+0300 lvl=eror msg="session closing" obj=tunnels.session err="authentication failed: The authtoken you specified does not look like a proper ngrok authtoken.\nYour authtoken: YOUR_NGROK_TOKEN_HERE\nInstructions to install your authtoken are on your ngrok dashboard:\nhttps://dashboard.ngrok.com/get-started/your-authtoken\r\n\r\nERR_NGROK_105\r\n"
t=2025-09-25T21:14:17+0300 lvl=info msg="received stop request" obj=app stopReq="{err:{Remote:true Inner:{Inner:0x14000596090}} restart:false}"
t=2025-09-25T21:14:17+0300 lvl=eror msg="terminating with error" obj=app err="authentication failed: The authtoken you specified does not look like a proper ngrok authtoken.\nYour authtoken: YOUR_NGROK_TOKEN_HERE\nInstructions to install your authtoken are on your ngrok dashboard:\nhttps://dashboard.ngrok.com/get-started/your-authtoken\r\n\r\nERR_NGROK_105\r\n"
t=2025-09-25T21:14:17+0300 lvl=crit msg="command failed" err="authentication failed: The authtoken you specified does not look like a proper ngrok authtoken.\nYour authtoken: YOUR_NGROK_TOKEN_HERE\nInstructions to install your authtoken are on your ngrok dashboard:\nhttps://dashboard.ngrok.com/get-started/your-authtoken\r\n\r\nERR_NGROK_105\r\n"
t=2025-09-25T21:15:02+0300 lvl=info msg="no configuration paths supplied"
t=2025-09-25T21:15:02+0300 lvl=info msg="ignoring default config path, could not stat it" path="/Users/sergej/Library/Application Support/ngrok/ngrok.yml"
t=2025-09-25T21:15:02+0300 lvl=info msg="starting web service" obj=web addr=127.0.0.1:4040 allow_hosts=[]
t=2025-09-25T21:15:03+0300 lvl=eror msg="failed to reconnect session" obj=tunnels.session err="authentication failed: Usage of ngrok requires a verified account and authtoken.\n\nSign up for an account: https://dashboard.ngrok.com/signup\nInstall your authtoken: https://dashboard.ngrok.com/get-started/your-authtoken\r\n\r\nERR_NGROK_4018\r\n"
t=2025-09-25T21:15:03+0300 lvl=eror msg="session closing" obj=tunnels.session err="authentication failed: Usage of ngrok requires a verified account and authtoken.\n\nSign up for an account: https://dashboard.ngrok.com/signup\nInstall your authtoken: https://dashboard.ngrok.com/get-started/your-authtoken\r\n\r\nERR_NGROK_4018\r\n"
t=2025-09-25T21:15:03+0300 lvl=info msg="received stop request" obj=app stopReq="{err:{Remote:true Inner:{Inner:0x14000608b30}} restart:false}"
t=2025-09-25T21:15:03+0300 lvl=eror msg="terminating with error" obj=app err="authentication failed: Usage of ngrok requires a verified account and authtoken.\n\nSign up for an account: https://dashboard.ngrok.com/signup\nInstall your authtoken: https://dashboard.ngrok.com/get-started/your-authtoken\r\n\r\nERR_NGROK_4018\r\n"
t=2025-09-25T21:15:03+0300 lvl=warn msg="failed to check for update" obj=updater err="Post \"https://update.equinox.io/check\": context canceled"
t=2025-09-25T21:15:03+0300 lvl=info msg="no more state changes" obj=tunnels.session
t=2025-09-25T21:15:03+0300 lvl=crit msg="command failed" err="authentication failed: Usage of ngrok requires a verified account and authtoken.\n\nSign up for an account: https://dashboard.ngrok.com/signup\nInstall your authtoken: https://dashboard.ngrok.com/get-started/your-authtoken\r\n\r\nERR_NGROK_4018\r\n"
